// Jest Snapshot v1, https://jestjs.io/docs/snapshot-testing

exports[`<ProductList /> should match snapshot 1`] = `
<div>
  <section
    aria-labelledby="product-list-title"
    class="sc-bRKDuR cgOpti"
  >
    <h2
      class="sc-hvigdm dpWcbF"
      id="product-list-title"
    >
      Todos os Produtos
    </h2>
    <ul
      class="sc-ggWZvA eYZMRa"
      role="list"
    >
      <li
        role="listitem"
      >
        <div
          data-testid="product-card-1"
        >
          <img
            alt="Imagem do produto iPhone 14"
            src="/iphone.png"
          />
          <span>
            iPhone 14
          </span>
          <span>
            Eletrônicos
          </span>
          <span>
            R$ 
            9999.99
          </span>
          <span>
            5
             em estoque
          </span>
          <span
            aria-label="Avaliação 4.8"
          >
            ⭐ 
            4.8
          </span>
        </div>
      </li>
      <li
        role="listitem"
      >
        <div
          data-testid="product-card-2"
        >
          <img
            alt="Imagem do produto Tênis Nike"
            src="/tenis.png"
          />
          <span>
            Tênis Nike
          </span>
          <span>
            Roupas e Calçados
          </span>
          <span>
            R$ 
            499.99
          </span>
          <span>
            10
             em estoque
          </span>
          <span
            aria-label="Avaliação 4.2"
          >
            ⭐ 
            4.2
          </span>
        </div>
      </li>
    </ul>
  </section>
</div>
`;
