// Jest Snapshot v1, https://jestjs.io/docs/snapshot-testing

exports[`Filters Component matches snapshot 1`] = `
<div>
  <section
    class="sc-bRKDuR hyYVIi"
    data-testid="filters-section"
  >
    <div
      class="sc-hvigdm cfRGDx"
    >
      <button
        aria-controls="selector-menu"
        aria-expanded="false"
        aria-haspopup="listbox"
        aria-label="Selecione a categoria"
        class="sc-fhHczv YbXzB"
        id="category-selector"
      >
        <span>
          Selecione a categoria
        </span>
        <svg
          aria-hidden="true"
          class="icon"
          color="#737380"
          fill="currentColor"
          height="16"
          stroke="currentColor"
          stroke-width="0"
          style="color: rgb(115, 115, 128);"
          viewBox="0 0 448 512"
          width="16"
          xmlns="http://www.w3.org/2000/svg"
        >
          <path
            d="M207.029 381.476L12.686 187.132c-9.373-9.373-9.373-24.569 0-33.941l22.667-22.667c9.357-9.357 24.522-9.375 33.901-.04L224 284.505l154.745-154.021c9.379-9.335 24.544-9.317 33.901.04l22.667 22.667c9.373 9.373 9.373 24.569 0 33.941L240.971 381.476c-9.373 9.372-24.569 9.372-33.942 0z"
          />
        </svg>
      </button>
      <div
        aria-labelledby="custom-selector"
        class="sc-ggWZvA bSoREI"
        id="category-menu"
        role="listbox"
      >
        <button
          aria-selected="false"
          class="sc-dTvVRJ irVMIK"
          role="option"
          tabindex="0"
        >
          Eletrônicos
        </button>
        <button
          aria-selected="false"
          class="sc-dTvVRJ irVMIK"
          role="option"
          tabindex="0"
        >
          Roupas e Calçados
        </button>
        <button
          aria-selected="false"
          class="sc-dTvVRJ irVMIK"
          role="option"
          tabindex="0"
        >
          Casa e Decoração
        </button>
        <button
          aria-selected="false"
          class="sc-dTvVRJ irVMIK"
          role="option"
          tabindex="0"
        >
          Livros
        </button>
        <button
          aria-selected="false"
          class="sc-dTvVRJ irVMIK"
          role="option"
          tabindex="0"
        >
          Esporte e Lazer
        </button>
      </div>
    </div>
    <div
      class="sc-hvigdm cfRGDx"
    >
      <button
        aria-controls="selector-menu"
        aria-expanded="false"
        aria-haspopup="listbox"
        aria-label="Selecione a organização dos produtos"
        class="sc-fhHczv ikLxHS"
        id="sort-selector"
      >
        <span>
          Organizar por
        </span>
        <svg
          aria-hidden="true"
          class="icon"
          color="#737380"
          fill="currentColor"
          height="16"
          stroke="currentColor"
          stroke-width="0"
          style="color: rgb(115, 115, 128);"
          viewBox="0 0 448 512"
          width="16"
          xmlns="http://www.w3.org/2000/svg"
        >
          <path
            d="M207.029 381.476L12.686 187.132c-9.373-9.373-9.373-24.569 0-33.941l22.667-22.667c9.357-9.357 24.522-9.375 33.901-.04L224 284.505l154.745-154.021c9.379-9.335 24.544-9.317 33.901.04l22.667 22.667c9.373 9.373 9.373 24.569 0 33.941L240.971 381.476c-9.373 9.372-24.569 9.372-33.942 0z"
          />
        </svg>
      </button>
      <div
        aria-labelledby="custom-selector"
        class="sc-ggWZvA bSoREI"
        id="sort-menu"
        role="listbox"
      >
        <button
          aria-selected="false"
          class="sc-dTvVRJ irVMIK"
          role="option"
          tabindex="0"
        >
          Novidades
        </button>
        <button
          aria-selected="false"
          class="sc-dTvVRJ irVMIK"
          role="option"
          tabindex="0"
        >
          Mais Antigos
        </button>
        <button
          aria-selected="false"
          class="sc-dTvVRJ irVMIK"
          role="option"
          tabindex="0"
        >
          Preço: Maior - menor
        </button>
        <button
          aria-selected="false"
          class="sc-dTvVRJ irVMIK"
          role="option"
          tabindex="0"
        >
          Preço: Menor - maior
        </button>
      </div>
    </div>
  </section>
</div>
`;
