// Jest Snapshot v1, https://jestjs.io/docs/snapshot-testing

exports[`<MainCart /> should match snapshot 1`] = `
<div>
  <main
    class="sc-bRKDuR igzaSt"
    role="main"
  >
    <button
      aria-label="Voltar para a página anterior"
      class="sc-hvigdm jSpvAU"
      data-testid="back-button"
    >
      <img
        alt="Ícone voltar"
        height="24"
        src="/back.png"
        width="24"
      />
      Voltar
    </button>
    <ul
      aria-label="Lista de produtos no carrinho"
    >
      <li
        data-testid="cart-product"
      >
        Produto 1
        <svg
          data-testid="icon-svg"
        />
      </li>
      <li
        data-testid="cart-product"
      >
        Produto 2
        <svg
          data-testid="icon-svg"
        />
      </li>
    </ul>
    <section
      aria-label="Resumo do pedido"
    >
      <span
        data-testid="subtotal"
      >
        200
      </span>
      <svg
        data-testid="summary-icon"
      />
    </section>
  </main>
</div>
`;
