// Jest Snapshot v1, https://jestjs.io/docs/snapshot-testing

exports[`<MainCategory /> should match snapshot 1`] = `
<div>
  <main
    aria-label="Catálogo de produtos 1"
    class="sc-bRKDuR hLcoMF"
    role="main"
  >
    <section
      class="sc-hvigdm kXQeAz"
      data-testid="filters-section"
    >
      <nav
        aria-label="breadcrumb"
      >
        <ul>
          <li>
            <a
              href="/"
            >
              Produtos
            </a>
          </li>
          <span
            aria-hidden="true"
          >
             / 
          </span>
          <li>
            <a
              class="not-active"
              href="/category/1"
            />
          </li>
        </ul>
      </nav>
      <div
        class="sc-fhHczv hFVKTh"
      >
        <button
          aria-controls="selector-menu"
          aria-expanded="false"
          aria-haspopup="listbox"
          aria-label="Selecione a organização dos produtos"
          class="sc-ggWZvA bXrmol"
          id="sort-selector"
        >
          <span>
            Organizar por
          </span>
          <svg
            aria-hidden="true"
            class="icon"
            color="#737380"
            fill="currentColor"
            height="16"
            stroke="currentColor"
            stroke-width="0"
            style="color: rgb(115, 115, 128);"
            viewBox="0 0 448 512"
            width="16"
            xmlns="http://www.w3.org/2000/svg"
          >
            <path
              d="M207.029 381.476L12.686 187.132c-9.373-9.373-9.373-24.569 0-33.941l22.667-22.667c9.357-9.357 24.522-9.375 33.901-.04L224 284.505l154.745-154.021c9.379-9.335 24.544-9.317 33.901.04l22.667 22.667c9.373 9.373 9.373 24.569 0 33.941L240.971 381.476c-9.373 9.372-24.569 9.372-33.942 0z"
            />
          </svg>
        </button>
        <div
          aria-labelledby="custom-selector"
          class="sc-dTvVRJ jPxDry"
          id="sort-menu"
          role="listbox"
        >
          <button
            aria-selected="false"
            class="sc-jwTyAe iKSleq"
            role="option"
            tabindex="0"
          >
            Novidades
          </button>
          <button
            aria-selected="false"
            class="sc-jwTyAe iKSleq"
            role="option"
            tabindex="0"
          >
            Preço: Maior - menor
          </button>
          <button
            aria-selected="false"
            class="sc-jwTyAe iKSleq"
            role="option"
            tabindex="0"
          >
            Preço: Menor - maior
          </button>
        </div>
      </div>
    </section>
    <section
      aria-describedby="product-list-description"
      aria-labelledby="product-list-title"
      class="sc-hjsuWn gRtXEs"
      role="region"
    >
      <h2
        class="sc-jJLAfE kxToVy"
        id="product-list-title"
      />
      <p
        class="sc-hwkwBN cgVEZH"
        id="product-list-description"
      />
      <ul
        class="sc-kNOymR bqkWKA"
        role="list"
      >
        <li
          role="listitem"
        >
          <a
            class="sc-lgpSej bONFSm"
            href="#"
          >
            <article
              aria-label="Ver detalhes do produto iPhone 15 Pro"
              class="sc-eqYatC dOjBvl"
            >
              <img
                alt="Imagem do produto iPhone 15 Pro"
                class="sc-kcLKEh jKCAGk"
                data-nimg="1"
                decoding="async"
                height="200"
                loading="lazy"
                src="/_next/image?url=https%3A%2F%2Fimages.unsplash.com%2Fphoto-1592750475338-74b7b21085ab%3Fw%3D400%26h%3D400%26fit%3Dcrop&w=640&q=75"
                srcset="/_next/image?url=https%3A%2F%2Fimages.unsplash.com%2Fphoto-1592750475338-74b7b21085ab%3Fw%3D400%26h%3D400%26fit%3Dcrop&w=256&q=75 1x, /_next/image?url=https%3A%2F%2Fimages.unsplash.com%2Fphoto-1592750475338-74b7b21085ab%3Fw%3D400%26h%3D400%26fit%3Dcrop&w=640&q=75 2x"
                style="color: transparent; background-size: cover; background-position: 50% 50%; background-repeat: no-repeat;"
                width="200"
              />
              <div
                class="sc-dntSTA ghwqXZ"
              >
                <div
                  class="sc-gGKoUb iGIzbU"
                >
                  <span>
                    <svg
                      aria-hidden="true"
                      color="#FFE100"
                      fill="currentColor"
                      focusable="false"
                      height="12"
                      stroke="currentColor"
                      stroke-width="0"
                      style="color: rgb(255, 225, 0);"
                      viewBox="0 0 24 24"
                      width="12"
                      xmlns="http://www.w3.org/2000/svg"
                    >
                      <path
                        d="m12.672.668 3.059 6.197 6.838.993a.75.75 0 0 1 .416 1.28l-4.948 4.823 1.168 6.812a.75.75 0 0 1-1.088.79L12 18.347l-6.116 3.216a.75.75 0 0 1-1.088-.791l1.168-6.811-4.948-4.823a.749.749 0 0 1 .416-1.279l6.838-.994L11.327.668a.75.75 0 0 1 1.345 0Z"
                      />
                    </svg>
                  </span>
                  <span>
                    4.8
                  </span>
                </div>
                <span
                  class="sc-kvnevz cGThZB"
                >
                  Eletrônicos
                </span>
                <h2
                  class="sc-dFVmKS bENcRd"
                >
                  iPhone 15 Pro
                </h2>
                <p
                  class="sc-kCuUfV dXjidN"
                >
                  O mais avançado iPhone com chip A17 Pro, câmera de 48MP e design em titânio. Perfeito para quem busca performance e qualidade fotográfica excepcional.
                </p>
                <span
                  class="sc-dNdcvo legYSw"
                >
                  R$ 
                  8999,99
                </span>
                <span
                  aria-label="25 unidades em estoque"
                  class="sc-fbQrwq fzOhhG stock"
                >
                  25
                   em estoque
                </span>
                <button
                  aria-label="Adicionar iPhone 15 Pro ao carrinho"
                  class="sc-dYwGCk iWCKRU"
                  type="button"
                >
                  <svg
                    aria-hidden="true"
                    color="#fff"
                    data-testid="icon-svg"
                    fill="none"
                    focusable="false"
                    height="24"
                    stroke="currentColor"
                    stroke-linecap="round"
                    stroke-linejoin="round"
                    stroke-width="2"
                    style="color: rgb(255, 255, 255);"
                    viewBox="0 0 24 24"
                    width="24"
                    xmlns="http://www.w3.org/2000/svg"
                  >
                    <circle
                      cx="9"
                      cy="21"
                      r="1"
                    />
                    <circle
                      cx="20"
                      cy="21"
                      r="1"
                    />
                    <path
                      d="M1 1h4l2.68 13.39a2 2 0 0 0 2 1.61h9.72a2 2 0 0 0 2-1.61L23 6H6"
                    />
                  </svg>
                  <p>
                    Adicionar ao carrinho
                  </p>
                </button>
              </div>
            </article>
          </a>
        </li>
        <li
          role="listitem"
        >
          <a
            class="sc-lgpSej bONFSm"
            href="#"
          >
            <article
              aria-label="Ver detalhes do produto Samsung Galaxy S24 Ultra"
              class="sc-eqYatC dOjBvl"
            >
              <img
                alt="Imagem do produto Samsung Galaxy S24 Ultra"
                class="sc-kcLKEh jKCAGk"
                data-nimg="1"
                decoding="async"
                height="200"
                loading="lazy"
                src="/_next/image?url=https%3A%2F%2Fimages.unsplash.com%2Fphoto-1610945265064-0e34e5519bbf%3Fw%3D400%26h%3D400%26fit%3Dcrop&w=640&q=75"
                srcset="/_next/image?url=https%3A%2F%2Fimages.unsplash.com%2Fphoto-1610945265064-0e34e5519bbf%3Fw%3D400%26h%3D400%26fit%3Dcrop&w=256&q=75 1x, /_next/image?url=https%3A%2F%2Fimages.unsplash.com%2Fphoto-1610945265064-0e34e5519bbf%3Fw%3D400%26h%3D400%26fit%3Dcrop&w=640&q=75 2x"
                style="color: transparent; background-size: cover; background-position: 50% 50%; background-repeat: no-repeat;"
                width="200"
              />
              <div
                class="sc-dntSTA ghwqXZ"
              >
                <div
                  class="sc-gGKoUb iGIzbU"
                >
                  <span>
                    <svg
                      aria-hidden="true"
                      color="#FFE100"
                      fill="currentColor"
                      focusable="false"
                      height="12"
                      stroke="currentColor"
                      stroke-width="0"
                      style="color: rgb(255, 225, 0);"
                      viewBox="0 0 24 24"
                      width="12"
                      xmlns="http://www.w3.org/2000/svg"
                    >
                      <path
                        d="m12.672.668 3.059 6.197 6.838.993a.75.75 0 0 1 .416 1.28l-4.948 4.823 1.168 6.812a.75.75 0 0 1-1.088.79L12 18.347l-6.116 3.216a.75.75 0 0 1-1.088-.791l1.168-6.811-4.948-4.823a.749.749 0 0 1 .416-1.279l6.838-.994L11.327.668a.75.75 0 0 1 1.345 0Z"
                      />
                    </svg>
                  </span>
                  <span>
                    4.7
                  </span>
                </div>
                <span
                  class="sc-kvnevz cGThZB"
                >
                  Eletrônicos
                </span>
                <h2
                  class="sc-dFVmKS bENcRd"
                >
                  Samsung Galaxy S24 Ultra
                </h2>
                <p
                  class="sc-kCuUfV dXjidN"
                >
                  Smartphone premium com S Pen integrada, câmera de 200MP e tela Dynamic AMOLED 2X de 6.8 polegadas. Ideal para produtividade e criatividade.
                </p>
                <span
                  class="sc-dNdcvo legYSw"
                >
                  R$ 
                  7499,99
                </span>
                <span
                  aria-label="18 unidades em estoque"
                  class="sc-fbQrwq fzOhhG stock"
                >
                  18
                   em estoque
                </span>
                <button
                  aria-label="Adicionar Samsung Galaxy S24 Ultra ao carrinho"
                  class="sc-dYwGCk iWCKRU"
                  type="button"
                >
                  <svg
                    aria-hidden="true"
                    color="#fff"
                    data-testid="icon-svg"
                    fill="none"
                    focusable="false"
                    height="24"
                    stroke="currentColor"
                    stroke-linecap="round"
                    stroke-linejoin="round"
                    stroke-width="2"
                    style="color: rgb(255, 255, 255);"
                    viewBox="0 0 24 24"
                    width="24"
                    xmlns="http://www.w3.org/2000/svg"
                  >
                    <circle
                      cx="9"
                      cy="21"
                      r="1"
                    />
                    <circle
                      cx="20"
                      cy="21"
                      r="1"
                    />
                    <path
                      d="M1 1h4l2.68 13.39a2 2 0 0 0 2 1.61h9.72a2 2 0 0 0 2-1.61L23 6H6"
                    />
                  </svg>
                  <p>
                    Adicionar ao carrinho
                  </p>
                </button>
              </div>
            </article>
          </a>
        </li>
        <li
          role="listitem"
        >
          <a
            class="sc-lgpSej bONFSm"
            href="#"
          >
            <article
              aria-label="Ver detalhes do produto MacBook Air M3"
              class="sc-eqYatC dOjBvl"
            >
              <img
                alt="Imagem do produto MacBook Air M3"
                class="sc-kcLKEh jKCAGk"
                data-nimg="1"
                decoding="async"
                height="200"
                loading="lazy"
                src="/_next/image?url=https%3A%2F%2Fimages.unsplash.com%2Fphoto-1541807084-5c52b6b3adef%3Fw%3D400%26h%3D400%26fit%3Dcrop&w=640&q=75"
                srcset="/_next/image?url=https%3A%2F%2Fimages.unsplash.com%2Fphoto-1541807084-5c52b6b3adef%3Fw%3D400%26h%3D400%26fit%3Dcrop&w=256&q=75 1x, /_next/image?url=https%3A%2F%2Fimages.unsplash.com%2Fphoto-1541807084-5c52b6b3adef%3Fw%3D400%26h%3D400%26fit%3Dcrop&w=640&q=75 2x"
                style="color: transparent; background-size: cover; background-position: 50% 50%; background-repeat: no-repeat;"
                width="200"
              />
              <div
                class="sc-dntSTA ghwqXZ"
              >
                <div
                  class="sc-gGKoUb iGIzbU"
                >
                  <span>
                    <svg
                      aria-hidden="true"
                      color="#FFE100"
                      fill="currentColor"
                      focusable="false"
                      height="12"
                      stroke="currentColor"
                      stroke-width="0"
                      style="color: rgb(255, 225, 0);"
                      viewBox="0 0 24 24"
                      width="12"
                      xmlns="http://www.w3.org/2000/svg"
                    >
                      <path
                        d="m12.672.668 3.059 6.197 6.838.993a.75.75 0 0 1 .416 1.28l-4.948 4.823 1.168 6.812a.75.75 0 0 1-1.088.79L12 18.347l-6.116 3.216a.75.75 0 0 1-1.088-.791l1.168-6.811-4.948-4.823a.749.749 0 0 1 .416-1.279l6.838-.994L11.327.668a.75.75 0 0 1 1.345 0Z"
                      />
                    </svg>
                  </span>
                  <span>
                    4.9
                  </span>
                </div>
                <span
                  class="sc-kvnevz cGThZB"
                >
                  Eletrônicos
                </span>
                <h2
                  class="sc-dFVmKS bENcRd"
                >
                  MacBook Air M3
                </h2>
                <p
                  class="sc-kCuUfV dXjidN"
                >
                  Notebook ultrafino com chip M3, tela Liquid Retina de 13.6 polegadas e até 18 horas de bateria. Perfeito para trabalho e estudos.
                </p>
                <span
                  class="sc-dNdcvo legYSw"
                >
                  R$ 
                  12999,99
                </span>
                <span
                  aria-label="12 unidades em estoque"
                  class="sc-fbQrwq fzOhhG stock"
                >
                  12
                   em estoque
                </span>
                <button
                  aria-label="Adicionar MacBook Air M3 ao carrinho"
                  class="sc-dYwGCk iWCKRU"
                  type="button"
                >
                  <svg
                    aria-hidden="true"
                    color="#fff"
                    data-testid="icon-svg"
                    fill="none"
                    focusable="false"
                    height="24"
                    stroke="currentColor"
                    stroke-linecap="round"
                    stroke-linejoin="round"
                    stroke-width="2"
                    style="color: rgb(255, 255, 255);"
                    viewBox="0 0 24 24"
                    width="24"
                    xmlns="http://www.w3.org/2000/svg"
                  >
                    <circle
                      cx="9"
                      cy="21"
                      r="1"
                    />
                    <circle
                      cx="20"
                      cy="21"
                      r="1"
                    />
                    <path
                      d="M1 1h4l2.68 13.39a2 2 0 0 0 2 1.61h9.72a2 2 0 0 0 2-1.61L23 6H6"
                    />
                  </svg>
                  <p>
                    Adicionar ao carrinho
                  </p>
                </button>
              </div>
            </article>
          </a>
        </li>
        <li
          role="listitem"
        >
          <a
            class="sc-lgpSej bONFSm"
            href="#"
          >
            <article
              aria-label="Ver detalhes do produto PlayStation 5"
              class="sc-eqYatC dOjBvl"
            >
              <img
                alt="Imagem do produto PlayStation 5"
                class="sc-kcLKEh jKCAGk"
                data-nimg="1"
                decoding="async"
                height="200"
                loading="lazy"
                src="/_next/image?url=https%3A%2F%2Fimages.unsplash.com%2Fphoto-1606813907291-d86efa9b94db%3Fw%3D400%26h%3D400%26fit%3Dcrop&w=640&q=75"
                srcset="/_next/image?url=https%3A%2F%2Fimages.unsplash.com%2Fphoto-1606813907291-d86efa9b94db%3Fw%3D400%26h%3D400%26fit%3Dcrop&w=256&q=75 1x, /_next/image?url=https%3A%2F%2Fimages.unsplash.com%2Fphoto-1606813907291-d86efa9b94db%3Fw%3D400%26h%3D400%26fit%3Dcrop&w=640&q=75 2x"
                style="color: transparent; background-size: cover; background-position: 50% 50%; background-repeat: no-repeat;"
                width="200"
              />
              <div
                class="sc-dntSTA ghwqXZ"
              >
                <div
                  class="sc-gGKoUb iGIzbU"
                >
                  <span>
                    <svg
                      aria-hidden="true"
                      color="#FFE100"
                      fill="currentColor"
                      focusable="false"
                      height="12"
                      stroke="currentColor"
                      stroke-width="0"
                      style="color: rgb(255, 225, 0);"
                      viewBox="0 0 24 24"
                      width="12"
                      xmlns="http://www.w3.org/2000/svg"
                    >
                      <path
                        d="m12.672.668 3.059 6.197 6.838.993a.75.75 0 0 1 .416 1.28l-4.948 4.823 1.168 6.812a.75.75 0 0 1-1.088.79L12 18.347l-6.116 3.216a.75.75 0 0 1-1.088-.791l1.168-6.811-4.948-4.823a.749.749 0 0 1 .416-1.279l6.838-.994L11.327.668a.75.75 0 0 1 1.345 0Z"
                      />
                    </svg>
                  </span>
                  <span>
                    4.6
                  </span>
                </div>
                <span
                  class="sc-kvnevz cGThZB"
                >
                  Eletrônicos
                </span>
                <h2
                  class="sc-dFVmKS bENcRd"
                >
                  PlayStation 5
                </h2>
                <p
                  class="sc-kCuUfV dXjidN"
                >
                  Console de nova geração com SSD ultra-rápido, ray tracing e controle DualSense com feedback tátil. A revolução dos games chegou.
                </p>
                <span
                  class="sc-dNdcvo legYSw"
                >
                  R$ 
                  4199,99
                </span>
                <span
                  aria-label="8 unidades em estoque"
                  class="sc-fbQrwq fzOhhG stock"
                >
                  8
                   em estoque
                </span>
                <button
                  aria-label="Adicionar PlayStation 5 ao carrinho"
                  class="sc-dYwGCk iWCKRU"
                  type="button"
                >
                  <svg
                    aria-hidden="true"
                    color="#fff"
                    data-testid="icon-svg"
                    fill="none"
                    focusable="false"
                    height="24"
                    stroke="currentColor"
                    stroke-linecap="round"
                    stroke-linejoin="round"
                    stroke-width="2"
                    style="color: rgb(255, 255, 255);"
                    viewBox="0 0 24 24"
                    width="24"
                    xmlns="http://www.w3.org/2000/svg"
                  >
                    <circle
                      cx="9"
                      cy="21"
                      r="1"
                    />
                    <circle
                      cx="20"
                      cy="21"
                      r="1"
                    />
                    <path
                      d="M1 1h4l2.68 13.39a2 2 0 0 0 2 1.61h9.72a2 2 0 0 0 2-1.61L23 6H6"
                    />
                  </svg>
                  <p>
                    Adicionar ao carrinho
                  </p>
                </button>
              </div>
            </article>
          </a>
        </li>
      </ul>
    </section>
  </main>
</div>
`;
