// Jest Snapshot v1, https://jestjs.io/docs/snapshot-testing

exports[`<MainCategory /> should match snapshot 1`] = `
<div>
  <main
    aria-label="Catálogo de produtos 1"
    class="sc-bRKDuR dRZDNv"
    role="main"
  >
    <section
      aria-describedby="product-list-description"
      aria-labelledby="product-list-title"
      class="sc-hjsuWn bOYdgP"
    >
      <h2
        class="sc-jJLAfE kxToVy"
        id="product-list-title"
      />
      <p
        class="sc-hwkwBN cgVEZH"
        id="product-list-description"
      />
      <p
        aria-live="polite"
        role="status"
      >
        Nenhum produto disponível no momento.
      </p>
    </section>
  </main>
</div>
`;
