// Jest Snapshot v1, https://jestjs.io/docs/snapshot-testing

exports[`<MainProduct /> should match snapshot 1`] = `
<div>
  <main
    class="sc-bRKDuR jUVPqi"
  >
    <button
      aria-label="Voltar para a página anterior"
      class="sc-hvigdm jhQtkF"
      data-testid="back-button"
    >
      <img
        alt="Ícone voltar"
        height="24"
        src="/back.png"
        width="24"
      />
      Voltar
    </button>
    <section
      aria-labelledby="product-title"
      class="sc-fhHczv floSdJ"
      data-testid="body-product"
    >
      <img
        alt="Imagem ilustrativa do produto Sofá 3 Lugares Retrátil"
        data-testid="product-image"
        src="/fake-product.jpg"
      />
      <div
        data-testid="product-info"
      >
        <h1>
          Sofá 3 Lugares Retrátil
        </h1>
        <p>
          Sofá confortável com assento retrátil e reclinável, revestimento em tecido suede e estrutura de madeira maciça.
        </p>
      </div>
    </section>
  </main>
</div>
`;
