// Jest Snapshot v1, https://jestjs.io/docs/snapshot-testing

exports[`<MainHome /> should match snapshot 1`] = `
<div>
  <main
    aria-label="Catálogo de produtos"
    class="sc-bRKDuR DhuyO"
    role="main"
  >
    <div
      data-testid="filters-mock"
    >
      Filtros
    </div>
    <ul
      data-testid="product-list-mock"
    />
    <section
      aria-labelledby="categories-title"
      class="sc-hvigdm dNZrIl"
      role="region"
    >
      <h2
        class="sc-fhHczv jgCwth"
        id="categories-title"
      >
        Principais categorias
      </h2>
      <ul
        class="sc-ggWZvA fwYOef"
        role="list"
      >
        <li
          role="listitem"
        >
          <a
            aria-label="Ver categoria Livros com 1 produto"
            class="sc-dTvVRJ gAeONW"
            href="/category/livros"
          >
            <article
              class="sc-jwTyAe hTILNK"
              data-testid="category-card"
            >
              <h3
                class="sc-hjsuWn fbyTZt"
              >
                Livros
              </h3>
              <p
                aria-hidden="true"
                class="sc-jJLAfE cVuPSo"
              >
                1 produto
              </p>
            </article>
          </a>
        </li>
        <li
          role="listitem"
        >
          <a
            aria-label="Ver categoria Eletrônicos com 5 produtos"
            class="sc-dTvVRJ gAeONW"
            href="/category/eletronics"
          >
            <article
              class="sc-jwTyAe hTILNK"
              data-testid="category-card"
            >
              <h3
                class="sc-hjsuWn fbyTZt"
              >
                Eletrônicos
              </h3>
              <p
                aria-hidden="true"
                class="sc-jJLAfE cVuPSo"
              >
                5 produtos
              </p>
            </article>
          </a>
        </li>
      </ul>
    </section>
  </main>
</div>
`;
